func_header
param_list
param
type
param_next
func_ret_type
prog
stmt
define
var_def_cont
type
opt_assign
prog
stmt
define
var_def_cont
type
opt_assign
prog
param_list_skip
param_skip
type_skip
param_next_skip
func_ret_type_skip
func_body
prog
stmt
cond_clause
block_body
stmt
cond_clause
block_body
stmt
define
var_def_cont
type
opt_assign
block_body
block_body
stmt
expr_type
arg_list
arg
[ERROR 5] Unknown identifier x
