func_header
param_list
func_ret_type
type
prog
param_list_skip
func_ret_type_skip
type_skip
func_body
[ERROR 4] Missing return statement in function 'a'
