func_header
param_list
param
type
param_next
func_ret_type
prog
param_list_skip
param_skip
type_skip
param_next_skip
func_ret_type_skip
func_body
prog
stmt
define
var_def_cont
type
opt_assign
prog
stmt
expr_type
arg_list
arg
arg_next
prog
