prog
stmt
define
var_def_cont
prog
stmt
define
var_def_cont
prog
stmt
expr_type
arg_list
arg
arg_next
arg
literal
arg_next
arg
arg_next
arg
literal
arg_next
prog
stmt
define
var_def_cont
funccall
arg_list
arg
arg_next
prog
stmt
expr_type
arg_list
arg
literal
arg_next
arg
arg_next
arg
literal
arg_next
prog
stmt
expr_type
arg_list
arg
literal
arg_next
prog
stmt
define
var_def_cont
funccall
arg_list
prog
stmt
cond_clause
block_body
stmt
expr_type
block_body
stmt
block_body
stmt
expr_type
arg_list
arg
literal
arg_next
block_body
stmt
define
var_def_cont
funccall
arg_list
block_body
stmt
expr_type
block_body
block_body
block_body
prog
