prog
stmt
define
var_def_cont
type
opt_assign
prog
stmt
expr_type
[ERROR 9] Assigning a new value to immutable variable x
