prog
stmt
define
var_def_cont
type
opt_assign
prog
stmt
expr_type
prog
