prog
stmt
cond_clause
[ERROR 7] Invalid expression type in condition
