func_header
param_list
func_ret_type
func_header
param_list
func_ret_type
type
func_header
param_list
func_ret_type
type
prog
param_list_skip
func_ret_type_skip
func_body
prog
param_list_skip
func_ret_type_skip
type_skip
func_body
func_stmt
opt_ret
func_body
prog
param_list_skip
func_ret_type_skip
type_skip
func_body
func_stmt
opt_ret
func_body
prog
