prog
stmt
cond_clause
[ERROR 5] Constant x undefined
