func_header
param_list
func_ret_type
func_header
param_list
func_ret_type
func_header
param_list
param
type
param_next
func_ret_type
func_header
param_list
param
type
param_next
func_ret_type
func_header
param_list
param
type
param_next
func_ret_type
func_header
param_list
func_ret_type
type
func_header
param_list
param
type
param_next
func_ret_type
type
func_header
param_list
param
type
param_next
func_ret_type
type
func_header
param_list
param
type
param_next
func_ret_type
type
func_header
param_list
func_ret_type
type
func_header
param_list
param
type
param_next
func_ret_type
type
func_header
param_list
param
type
param_next
func_ret_type
type
func_header
param_list
param
type
param_next
func_ret_type
type
func_header
param_list
func_ret_type
type
func_header
param_list
param
type
param_next
func_ret_type
type
func_header
param_list
param
type
param_next
func_ret_type
type
func_header
param_list
param
type
param_next
func_ret_type
type
prog
stmt
define
var_def_cont
type
opt_assign
prog
stmt
define
var_def_cont
type
opt_assign
prog
stmt
define
var_def_cont
type
opt_assign
prog
stmt
define
var_def_cont
type
opt_assign
prog
stmt
define
var_def_cont
type
opt_assign
prog
stmt
define
var_def_cont
type
opt_assign
prog
stmt
define
var_def_cont
prog
stmt
define
var_def_cont
prog
stmt
define
var_def_cont
prog
stmt
define
var_def_cont
type
opt_assign
prog
stmt
define
var_def_cont
type
opt_assign
prog
stmt
define
var_def_cont
type
opt_assign
prog
stmt
define
var_def_cont
type
opt_assign
prog
stmt
define
var_def_cont
type
opt_assign
prog
stmt
define
var_def_cont
type
opt_assign
prog
stmt
define
var_def_cont
prog
stmt
define
var_def_cont
prog
stmt
define
var_def_cont
prog
stmt
expr_type
arg_list
prog
stmt
expr_type
arg_list
arg
arg_next
prog
stmt
expr_type
arg_list
arg
arg_next
prog
stmt
expr_type
arg_list
arg
arg_next
prog
stmt
define
var_def_cont
funccall
arg_list
prog
stmt
expr_type
funccall
arg_list
arg
arg_next
prog
stmt
expr_type
funccall
arg_list
arg
arg_next
prog
stmt
expr_type
funccall
arg_list
arg
arg_next
prog
stmt
define
var_def_cont
funccall
arg_list
prog
stmt
expr_type
funccall
arg_list
arg
arg_next
prog
stmt
expr_type
funccall
arg_list
arg
arg_next
prog
stmt
expr_type
funccall
arg_list
arg
arg_next
prog
stmt
define
var_def_cont
funccall
arg_list
prog
stmt
expr_type
funccall
arg_list
arg
arg_next
prog
stmt
expr_type
funccall
arg_list
arg
arg_next
prog
stmt
expr_type
funccall
arg_list
arg
arg_next
prog
stmt
define
var_def_cont
prog
stmt
define
var_def_cont
type
opt_assign
prog
param_list_skip
func_ret_type_skip
func_body
func_stmt
cond_clause
func_body
func_stmt
define
var_def_cont
type
opt_assign
func_body
func_stmt
cond_clause
func_body
func_stmt
define
var_def_cont
funccall
arg_list
arg
arg_next
func_body
func_stmt
func_body
func_stmt
define
var_def_cont
func_body
func_stmt
cond_clause
func_body
func_stmt
define
var_def_cont
type
opt_assign
func_body
func_body
func_stmt
expr_type
arg_list
arg
literal
arg_next
arg
literal
arg_next
arg
arg_next
arg
arg_next
arg
arg_next
func_body
func_body
func_body
func_body
func_stmt
define
var_def_cont
funccall
arg_list
arg
arg_next
func_body
func_body
func_body
func_stmt
cond_clause
func_body
func_stmt
define
var_def_cont
funccall
arg_list
arg
arg_next
func_body
func_body
func_stmt
define
var_def_cont
funccall
arg_list
arg
arg_next
func_body
func_body
func_body
prog
stmt
cond_clause
block_body
stmt
define
var_def_cont
type
opt_assign
block_body
stmt
cond_clause
block_body
stmt
define
var_def_cont
funccall
arg_list
arg
arg_next
block_body
block_body
stmt
define
var_def_cont
funccall
arg_list
arg
arg_next
block_body
block_body
block_body
stmt
cond_clause
block_body
stmt
define
var_def_cont
funccall
arg_list
arg
arg_next
block_body
block_body
stmt
define
var_def_cont
funccall
arg_list
arg
arg_next
block_body
block_body
prog
stmt
define
var_def_cont
prog
stmt
define
var_def_cont
type
opt_assign
prog
stmt
expr_type
prog
param_list_skip
func_ret_type_skip
func_body
func_stmt
opt_ret
func_body
prog
param_list_skip
param_skip
type_skip
param_next_skip
func_ret_type_skip
func_body
func_stmt
opt_ret
func_body
prog
param_list_skip
param_skip
type_skip
param_next_skip
func_ret_type_skip
func_body
func_stmt
opt_ret
func_body
prog
param_list_skip
param_skip
type_skip
param_next_skip
func_ret_type_skip
func_body
func_stmt
opt_ret
func_body
prog
param_list_skip
func_ret_type_skip
type_skip
func_body
func_stmt
opt_ret
func_body
prog
param_list_skip
param_skip
type_skip
param_next_skip
func_ret_type_skip
type_skip
func_body
func_stmt
opt_ret
func_body
prog
param_list_skip
param_skip
type_skip
param_next_skip
func_ret_type_skip
type_skip
func_body
func_stmt
opt_ret
func_body
prog
param_list_skip
param_skip
type_skip
param_next_skip
func_ret_type_skip
type_skip
func_body
func_stmt
opt_ret
func_body
prog
param_list_skip
func_ret_type_skip
type_skip
func_body
func_stmt
opt_ret
func_body
prog
param_list_skip
param_skip
type_skip
param_next_skip
func_ret_type_skip
type_skip
func_body
func_stmt
opt_ret
func_body
prog
param_list_skip
param_skip
type_skip
param_next_skip
func_ret_type_skip
type_skip
func_body
func_stmt
opt_ret
func_body
prog
param_list_skip
param_skip
type_skip
param_next_skip
func_ret_type_skip
type_skip
func_body
func_stmt
opt_ret
func_body
prog
param_list_skip
func_ret_type_skip
type_skip
func_body
func_stmt
opt_ret
func_body
prog
param_list_skip
param_skip
type_skip
param_next_skip
func_ret_type_skip
type_skip
func_body
func_stmt
opt_ret
func_body
prog
param_list_skip
param_skip
type_skip
param_next_skip
func_ret_type_skip
type_skip
func_body
func_stmt
opt_ret
func_body
prog
param_list_skip
param_skip
type_skip
param_next_skip
func_ret_type_skip
type_skip
func_body
func_stmt
opt_ret
func_body
prog
