func_header
param_list
param
type
param_next
func_ret_type
prog
param_list_skip
param_skip
type_skip
param_next_skip
func_ret_type_skip
func_body
func_stmt
expr_type
arg_list
arg
literal
arg_next
arg
arg_next
arg
literal
arg_next
func_body
prog
stmt
expr_type
arg_list
arg
opt_arg
term
literal
arg_next
prog
stmt
expr_type
arg_list
arg
opt_arg
term
literal
arg_next
prog
