prog
stmt
cond_clause
block_body
stmt
[ERROR 2] Unexpected token, var/let/while/if/identifier expected