prog
stmt
define
var_def_cont
[ERROR 2] Unexpected token after variable identifier 'a'
