prog
stmt
[ERROR 7] Invalid expression in while condition
