prog
stmt
define
var_def_cont
type
opt_assign
prog
stmt
expr_type
[ERROR 7] Incompatible types when assigninng to variable 'x'
